// Jest Snapshot v1, https://goo.gl/fbAQLP

exports[`Badge totals should be rendered 1`] = `
<div>
  <div>
    <button
      className="MuiButtonBase-root MuiFab-root"
      disabled={false}
      onBlur={[Function]}
      onDragLeave={[Function]}
      onFocus={[Function]}
      onKeyDown={[Function]}
      onKeyUp={[Function]}
      onMouseDown={[Function]}
      onMouseLeave={[Function]}
      onMouseUp={[Function]}
      onTouchEnd={[Function]}
      onTouchMove={[Function]}
      onTouchStart={[Function]}
      style={
        Object {
          "fontSize": "2em",
          "margin": "5px",
        }
      }
      tabIndex={0}
      type="button"
    >
      <span
        className="MuiFab-label"
      >
        1
      </span>
    </button>
    <button
      className="MuiButtonBase-root MuiFab-root"
      disabled={false}
      onBlur={[Function]}
      onDragLeave={[Function]}
      onFocus={[Function]}
      onKeyDown={[Function]}
      onKeyUp={[Function]}
      onMouseDown={[Function]}
      onMouseLeave={[Function]}
      onMouseUp={[Function]}
      onTouchEnd={[Function]}
      onTouchMove={[Function]}
      onTouchStart={[Function]}
      style={
        Object {
          "fontSize": "2em",
          "margin": "5px",
        }
      }
      tabIndex={0}
      type="button"
    >
      <span
        className="MuiFab-label"
      >
        2
      </span>
    </button>
    <button
      className="MuiButtonBase-root MuiFab-root"
      disabled={false}
      onBlur={[Function]}
      onDragLeave={[Function]}
      onFocus={[Function]}
      onKeyDown={[Function]}
      onKeyUp={[Function]}
      onMouseDown={[Function]}
      onMouseLeave={[Function]}
      onMouseUp={[Function]}
      onTouchEnd={[Function]}
      onTouchMove={[Function]}
      onTouchStart={[Function]}
      style={
        Object {
          "fontSize": "2em",
          "margin": "5px",
        }
      }
      tabIndex={0}
      type="button"
    >
      <span
        className="MuiFab-label"
      >
        3
      </span>
    </button>
    <button
      className="MuiButtonBase-root MuiFab-root"
      disabled={false}
      onBlur={[Function]}
      onDragLeave={[Function]}
      onFocus={[Function]}
      onKeyDown={[Function]}
      onKeyUp={[Function]}
      onMouseDown={[Function]}
      onMouseLeave={[Function]}
      onMouseUp={[Function]}
      onTouchEnd={[Function]}
      onTouchMove={[Function]}
      onTouchStart={[Function]}
      style={
        Object {
          "fontSize": "2em",
          "margin": "5px",
        }
      }
      tabIndex={0}
      type="button"
    >
      <span
        className="MuiFab-label"
      >
        <svg
          aria-hidden="true"
          className="MuiSvgIcon-root"
          focusable="false"
          role="presentation"
          viewBox="0 0 24 24"
        >
          <path
            d="M22 3H7c-.69 0-1.23.35-1.59.88L0 12l5.41 8.11c.36.53.9.89 1.59.89h15c1.1 0 2-.9 2-2V5c0-1.1-.9-2-2-2zm-3 12.59L17.59 17 14 13.41 10.41 17 9 15.59 12.59 12 9 8.41 10.41 7 14 10.59 17.59 7 19 8.41 15.41 12 19 15.59z"
          />
        </svg>
      </span>
    </button>
  </div>
  <div>
    <button
      className="MuiButtonBase-root MuiFab-root"
      disabled={false}
      onBlur={[Function]}
      onDragLeave={[Function]}
      onFocus={[Function]}
      onKeyDown={[Function]}
      onKeyUp={[Function]}
      onMouseDown={[Function]}
      onMouseLeave={[Function]}
      onMouseUp={[Function]}
      onTouchEnd={[Function]}
      onTouchMove={[Function]}
      onTouchStart={[Function]}
      style={
        Object {
          "fontSize": "2em",
          "margin": "5px",
        }
      }
      tabIndex={0}
      type="button"
    >
      <span
        className="MuiFab-label"
      >
        4
      </span>
    </button>
    <button
      className="MuiButtonBase-root MuiFab-root"
      disabled={false}
      onBlur={[Function]}
      onDragLeave={[Function]}
      onFocus={[Function]}
      onKeyDown={[Function]}
      onKeyUp={[Function]}
      onMouseDown={[Function]}
      onMouseLeave={[Function]}
      onMouseUp={[Function]}
      onTouchEnd={[Function]}
      onTouchMove={[Function]}
      onTouchStart={[Function]}
      style={
        Object {
          "fontSize": "2em",
          "margin": "5px",
        }
      }
      tabIndex={0}
      type="button"
    >
      <span
        className="MuiFab-label"
      >
        5
      </span>
    </button>
    <button
      className="MuiButtonBase-root MuiFab-root"
      disabled={false}
      onBlur={[Function]}
      onDragLeave={[Function]}
      onFocus={[Function]}
      onKeyDown={[Function]}
      onKeyUp={[Function]}
      onMouseDown={[Function]}
      onMouseLeave={[Function]}
      onMouseUp={[Function]}
      onTouchEnd={[Function]}
      onTouchMove={[Function]}
      onTouchStart={[Function]}
      style={
        Object {
          "fontSize": "2em",
          "margin": "5px",
        }
      }
      tabIndex={0}
      type="button"
    >
      <span
        className="MuiFab-label"
      >
        6
      </span>
    </button>
    <button
      className="MuiButtonBase-root MuiFab-root"
      disabled={false}
      onBlur={[Function]}
      onDragLeave={[Function]}
      onFocus={[Function]}
      onKeyDown={[Function]}
      onKeyUp={[Function]}
      onMouseDown={[Function]}
      onMouseLeave={[Function]}
      onMouseUp={[Function]}
      onTouchEnd={[Function]}
      onTouchMove={[Function]}
      onTouchStart={[Function]}
      style={
        Object {
          "fontSize": "2em",
          "margin": "5px",
        }
      }
      tabIndex={0}
      type="button"
    >
      <span
        className="MuiFab-label"
      >
         
      </span>
    </button>
  </div>
  <div>
    <button
      className="MuiButtonBase-root MuiFab-root"
      disabled={false}
      onBlur={[Function]}
      onDragLeave={[Function]}
      onFocus={[Function]}
      onKeyDown={[Function]}
      onKeyUp={[Function]}
      onMouseDown={[Function]}
      onMouseLeave={[Function]}
      onMouseUp={[Function]}
      onTouchEnd={[Function]}
      onTouchMove={[Function]}
      onTouchStart={[Function]}
      style={
        Object {
          "fontSize": "2em",
          "margin": "5px",
        }
      }
      tabIndex={0}
      type="button"
    >
      <span
        className="MuiFab-label"
      >
        7
      </span>
    </button>
    <button
      className="MuiButtonBase-root MuiFab-root"
      disabled={false}
      onBlur={[Function]}
      onDragLeave={[Function]}
      onFocus={[Function]}
      onKeyDown={[Function]}
      onKeyUp={[Function]}
      onMouseDown={[Function]}
      onMouseLeave={[Function]}
      onMouseUp={[Function]}
      onTouchEnd={[Function]}
      onTouchMove={[Function]}
      onTouchStart={[Function]}
      style={
        Object {
          "fontSize": "2em",
          "margin": "5px",
        }
      }
      tabIndex={0}
      type="button"
    >
      <span
        className="MuiFab-label"
      >
        8
      </span>
    </button>
    <button
      className="MuiButtonBase-root MuiFab-root"
      disabled={false}
      onBlur={[Function]}
      onDragLeave={[Function]}
      onFocus={[Function]}
      onKeyDown={[Function]}
      onKeyUp={[Function]}
      onMouseDown={[Function]}
      onMouseLeave={[Function]}
      onMouseUp={[Function]}
      onTouchEnd={[Function]}
      onTouchMove={[Function]}
      onTouchStart={[Function]}
      style={
        Object {
          "fontSize": "2em",
          "margin": "5px",
        }
      }
      tabIndex={0}
      type="button"
    >
      <span
        className="MuiFab-label"
      >
        9
      </span>
    </button>
    <button
      className="MuiButtonBase-root MuiFab-root"
      disabled={false}
      onBlur={[Function]}
      onDragLeave={[Function]}
      onFocus={[Function]}
      onKeyDown={[Function]}
      onKeyUp={[Function]}
      onMouseDown={[Function]}
      onMouseLeave={[Function]}
      onMouseUp={[Function]}
      onTouchEnd={[Function]}
      onTouchMove={[Function]}
      onTouchStart={[Function]}
      style={
        Object {
          "fontSize": "2em",
          "margin": "5px",
        }
      }
      tabIndex={0}
      type="button"
    >
      <span
        className="MuiFab-label"
      >
         
      </span>
    </button>
  </div>
  <div>
    <button
      className="MuiButtonBase-root MuiFab-root"
      disabled={false}
      onBlur={[Function]}
      onDragLeave={[Function]}
      onFocus={[Function]}
      onKeyDown={[Function]}
      onKeyUp={[Function]}
      onMouseDown={[Function]}
      onMouseLeave={[Function]}
      onMouseUp={[Function]}
      onTouchEnd={[Function]}
      onTouchMove={[Function]}
      onTouchStart={[Function]}
      style={
        Object {
          "fontSize": "2em",
          "margin": "5px",
        }
      }
      tabIndex={0}
      type="button"
    >
      <span
        className="MuiFab-label"
      >
         
      </span>
    </button>
    <button
      className="MuiButtonBase-root MuiFab-root"
      disabled={false}
      onBlur={[Function]}
      onDragLeave={[Function]}
      onFocus={[Function]}
      onKeyDown={[Function]}
      onKeyUp={[Function]}
      onMouseDown={[Function]}
      onMouseLeave={[Function]}
      onMouseUp={[Function]}
      onTouchEnd={[Function]}
      onTouchMove={[Function]}
      onTouchStart={[Function]}
      style={
        Object {
          "fontSize": "2em",
          "margin": "5px",
        }
      }
      tabIndex={0}
      type="button"
    >
      <span
        className="MuiFab-label"
      >
        0
      </span>
    </button>
    <button
      className="MuiButtonBase-root MuiFab-root"
      disabled={false}
      onBlur={[Function]}
      onDragLeave={[Function]}
      onFocus={[Function]}
      onKeyDown={[Function]}
      onKeyUp={[Function]}
      onMouseDown={[Function]}
      onMouseLeave={[Function]}
      onMouseUp={[Function]}
      onTouchEnd={[Function]}
      onTouchMove={[Function]}
      onTouchStart={[Function]}
      style={
        Object {
          "fontSize": "2em",
          "margin": "5px",
        }
      }
      tabIndex={0}
      type="button"
    >
      <span
        className="MuiFab-label"
      >
         
      </span>
    </button>
    <button
      className="MuiButtonBase-root MuiFab-root"
      disabled={false}
      onBlur={[Function]}
      onDragLeave={[Function]}
      onFocus={[Function]}
      onKeyDown={[Function]}
      onKeyUp={[Function]}
      onMouseDown={[Function]}
      onMouseLeave={[Function]}
      onMouseUp={[Function]}
      onTouchEnd={[Function]}
      onTouchMove={[Function]}
      onTouchStart={[Function]}
      style={
        Object {
          "fontSize": "2em",
          "margin": "5px",
        }
      }
      tabIndex={0}
      type="button"
    >
      <span
        className="MuiFab-label"
      >
        <svg
          aria-hidden="true"
          className="MuiSvgIcon-root"
          focusable="false"
          role="presentation"
          viewBox="0 0 24 24"
        >
          <path
            d="M19 7v4H5.83l3.58-3.59L8 6l-6 6 6 6 1.41-1.41L5.83 13H21V7z"
          />
        </svg>
      </span>
    </button>
  </div>
</div>
`;
